// Jest Snapshot v1, https://goo.gl/fbAQLP

exports[`App.vue renders App 1`] = `
<div id="app">
  <router-view-stub></router-view-stub>
</div>
`;
